// Jest Snapshot v1, https://goo.gl/fbAQLP

exports[`App renders correctly 1`] = `
<div
  class="App"
>
  <h1>
    Plantilla de la práctica final!
  </h1>
  <p>
    Esta plantilla contiene todo lo necesario para comenzar a desarrollar la práctica final. Antes de comenzar a desarrollar, lee la documentación de la práctica y el fichero README.md de este repositorio.
  </p>
  <h2>
    Servidor de desarrollo
  </h2>
  <p>
    El proyecto está preconfigurado con un servidor de desarrollo basado en json-server:
  </p>
  <p>
    Cargando...
  </p>
  <h2>
    ¿Dudas?
  </h2>
  <p>
    No olvides pasarte por el foro si tienes alguna duda sobre la práctica final o la plantilla :).
  </p>
</div>
`;
